

================================================================
== Vivado HLS Report for 'kernel_29'
================================================================
* Date:           Mon Feb 20 12:11:14 2023

* Version:        2018.3 (Build 2405991 on Thu Dec 06 23:56:15 MST 2018)
* Project:        layernorm_kern29
* Solution:       solution1
* Product family: zynquplus
* Target device:  xczu19eg-ffvc1760-2-i


================================================================
== Performance Estimates
================================================================
+ Timing (ns): 
    * Summary: 
    +--------+-------+----------+------------+
    |  Clock | Target| Estimated| Uncertainty|
    +--------+-------+----------+------------+
    |ap_clk  |   5.00|     4.366|        0.62|
    +--------+-------+----------+------------+

+ Latency (clock cycles): 
    * Summary: 
    +-----+-----+-----+-----+----------+
    |  Latency  |  Interval | Pipeline |
    | min | max | min | max |   Type   |
    +-----+-----+-----+-----+----------+
    |    ?|    ?|    ?|    ?| dataflow |
    +-----+-----+-----+-----+----------+

    + Detail: 
        * Instance: 
        +------------------------+---------------------+-----+-------+-----+-------+----------+
        |                        |                     |   Latency   |   Interval  | Pipeline |
        |        Instance        |        Module       | min |  max  | min |  max  |   Type   |
        +------------------------+---------------------+-----+-------+-----+-------+----------+
        |LayerNorm_U0            |LayerNorm            |  190|  35940|   97|  35842| dataflow |
        |IdentityQuantAct146_U0  |IdentityQuantAct146  |   53|  24581|   53|  24581|   none   |
        |QuantAct_U0             |QuantAct             |   53|  24581|   53|  24581|   none   |
        |LayernormBcast_U0       |LayernormBcast       |    ?|      ?|    ?|      ?|   none   |
        |IdentityAdd_U0          |IdentityAdd          |    ?|      ?|    ?|      ?|   none   |
        |IdentityGather_U0       |IdentityGather       |    ?|      ?|    ?|      ?|   none   |
        +------------------------+---------------------+-----+-------+-----+-------+----------+

        * Loop: 
        N/A



================================================================
== Utilization Estimates
================================================================
* Summary: 
+-----------------+---------+-------+---------+--------+-----+
|       Name      | BRAM_18K| DSP48E|    FF   |   LUT  | URAM|
+-----------------+---------+-------+---------+--------+-----+
|DSP              |        -|      -|        -|       -|    -|
|Expression       |        -|      -|        0|       2|    -|
|FIFO             |      174|      -|     3252|    3564|    -|
|Instance         |      127|    202|    29812|   50210|    -|
|Memory           |        -|      -|        -|       -|    -|
|Multiplexer      |        -|      -|        -|       -|    -|
|Register         |        -|      -|        -|       -|    -|
+-----------------+---------+-------+---------+--------+-----+
|Total            |      301|    202|    33064|   53776|    0|
+-----------------+---------+-------+---------+--------+-----+
|Available        |     1968|   1968|  1045440|  522720|  128|
+-----------------+---------+-------+---------+--------+-----+
|Utilization (%)  |       15|     10|        3|      10|    0|
+-----------------+---------+-------+---------+--------+-----+

+ Detail: 
    * Instance: 
    +------------------------+---------------------+---------+-------+-------+-------+
    |        Instance        |        Module       | BRAM_18K| DSP48E|   FF  |  LUT  |
    +------------------------+---------------------+---------+-------+-------+-------+
    |IdentityAdd_U0          |IdentityAdd          |        0|      0|    602|   1036|
    |IdentityGather_U0       |IdentityGather       |        0|      0|   1757|    661|
    |IdentityQuantAct146_U0  |IdentityQuantAct146  |        0|     32|   7065|  11519|
    |LayerNorm_U0            |LayerNorm            |       82|    106|  15193|  17635|
    |LayernormBcast_U0       |LayernormBcast       |       29|      0|   1852|   1181|
    |QuantAct_U0             |QuantAct             |       16|     64|   3343|  18178|
    +------------------------+---------------------+---------+-------+-------+-------+
    |Total                   |                     |      127|    202|  29812|  50210|
    +------------------------+---------------------+---------+-------+-------+-------+

    * DSP48: 
    N/A

    * Memory: 
    N/A

    * FIFO: 
    +---------------------+---------+-----+-----+------+-----+---------+
    |         Name        | BRAM_18K|  FF | LUT | Depth| Bits| Size:D*B|
    +---------------------+---------+-----+-----+------+-----+---------+
    |pipe_1_0_V_data_V_U  |       29|  522|  510|     2|  512|     1024|
    |pipe_1_0_V_dest_V_U  |        0|    5|   20|     2|    8|       16|
    |pipe_1_0_V_id_V_U    |        0|    5|   20|     2|    8|       16|
    |pipe_1_0_V_last_V_U  |        0|    5|   16|     2|    1|        2|
    |pipe_1_0_V_user_V_U  |        0|    5|   28|     2|   16|       32|
    |pipe_1_1_V_data_V_U  |       29|  522|  510|     2|  512|     1024|
    |pipe_1_1_V_dest_V_U  |        0|    5|   20|     2|    8|       16|
    |pipe_1_1_V_id_V_U    |        0|    5|   20|     2|    8|       16|
    |pipe_1_1_V_last_V_U  |        0|    5|   16|     2|    1|        2|
    |pipe_1_1_V_user_V_U  |        0|    5|   28|     2|   16|       32|
    |pipe_2_V_data_V_U    |       29|  522|  510|     2|  512|     1024|
    |pipe_2_V_dest_V_U    |        0|    5|   20|     2|    8|       16|
    |pipe_2_V_id_V_U      |        0|    5|   20|     2|    8|       16|
    |pipe_2_V_last_V_U    |        0|    5|   16|     2|    1|        2|
    |pipe_2_V_user_V_U    |        0|    5|   28|     2|   16|       32|
    |pipe_3_V_data_V_U    |       29|  522|  510|     2|  512|     1024|
    |pipe_3_V_dest_V_U    |        0|    5|   20|     2|    8|       16|
    |pipe_3_V_id_V_U      |        0|    5|   20|     2|    8|       16|
    |pipe_3_V_last_V_U    |        0|    5|   16|     2|    1|        2|
    |pipe_3_V_user_V_U    |        0|    5|   28|     2|   16|       32|
    |pipe_4_V_data_V_U    |       29|  522|  510|     2|  512|     1024|
    |pipe_4_V_dest_V_U    |        0|    5|   20|     2|    8|       16|
    |pipe_4_V_id_V_U      |        0|    5|   20|     2|    8|       16|
    |pipe_4_V_last_V_U    |        0|    5|   16|     2|    1|        2|
    |pipe_4_V_user_V_U    |        0|    5|   28|     2|   16|       32|
    |pipe_5_V_data_V_U    |       29|  522|  510|     2|  512|     1024|
    |pipe_5_V_dest_V_U    |        0|    5|   20|     2|    8|       16|
    |pipe_5_V_id_V_U      |        0|    5|   20|     2|    8|       16|
    |pipe_5_V_last_V_U    |        0|    5|   16|     2|    1|        2|
    |pipe_5_V_user_V_U    |        0|    5|   28|     2|   16|       32|
    +---------------------+---------+-----+-----+------+-----+---------+
    |Total                |      174| 3252| 3564|    60| 3270|     6540|
    +---------------------+---------+-----+-----+------+-----+---------+

    * Expression: 
    +--------------------------------+----------+-------+---+----+------------+------------+
    |          Variable Name         | Operation| DSP48E| FF| LUT| Bitwidth P0| Bitwidth P1|
    +--------------------------------+----------+-------+---+----+------------+------------+
    |IdentityGather_U0_start_full_n  |    and   |      0|  0|   2|           1|           1|
    +--------------------------------+----------+-------+---+----+------------+------------+
    |Total                           |          |      0|  0|   2|           1|           1|
    +--------------------------------+----------+-------+---+----+------------+------------+

    * Multiplexer: 
    N/A

    * Register: 
    N/A



================================================================
== Interface
================================================================
* Summary: 
+--------------+-----+-----+--------------+--------------+--------------+
|   RTL Ports  | Dir | Bits|   Protocol   | Source Object|    C Type    |
+--------------+-----+-----+--------------+--------------+--------------+
|in_r_TDATA    |  in |  512|     axis     |  in_V_data_V |    pointer   |
|in_r_TID      |  in |    8|     axis     |   in_V_id_V  |    pointer   |
|in_r_TDEST    |  in |    8|     axis     |  in_V_dest_V |    pointer   |
|in_r_TUSER    |  in |   16|     axis     |  in_V_user_V |    pointer   |
|in_r_TLAST    |  in |    1|     axis     |  in_V_last_V |    pointer   |
|in_r_TVALID   |  in |    1|     axis     |  in_V_last_V |    pointer   |
|in_r_TREADY   | out |    1|     axis     |  in_V_last_V |    pointer   |
|out_r_TDATA   | out |  512|     axis     | out_V_data_V |    pointer   |
|out_r_TID     | out |    8|     axis     |  out_V_id_V  |    pointer   |
|out_r_TDEST   | out |    8|     axis     | out_V_dest_V |    pointer   |
|out_r_TUSER   | out |   16|     axis     | out_V_user_V |    pointer   |
|out_r_TLAST   | out |    1|     axis     | out_V_last_V |    pointer   |
|out_r_TVALID  | out |    1|     axis     | out_V_last_V |    pointer   |
|out_r_TREADY  |  in |    1|     axis     | out_V_last_V |    pointer   |
|ap_clk        |  in |    1| ap_ctrl_none |   kernel_29  | return value |
|ap_rst_n      |  in |    1| ap_ctrl_none |   kernel_29  | return value |
+--------------+-----+-----+--------------+--------------+--------------+

