

================================================================
== Vivado HLS Report for 'process_1'
================================================================
* Date:           Wed Dec 28 18:55:49 2022

* Version:        2018.3 (Build 2405991 on Thu Dec 06 23:56:15 MST 2018)
* Project:        softmax
* Solution:       solution1
* Product family: zynquplus
* Target device:  xczu19eg-ffvc1760-2-i


================================================================
== Performance Estimates
================================================================
+ Timing (ns): 
    * Summary: 
    +--------+-------+----------+------------+
    |  Clock | Target| Estimated| Uncertainty|
    +--------+-------+----------+------------+
    |ap_clk  |   5.00|     4.162|        0.62|
    +--------+-------+----------+------------+

+ Latency (clock cycles): 
    * Summary: 
    +-----+-------+-----+-------+---------+
    |   Latency   |   Interval  | Pipeline|
    | min |  max  | min |  max  |   Type  |
    +-----+-------+-----+-------+---------+
    |   11|  16394|   11|  16394|   none  |
    +-----+-------+-----+-------+---------+

    + Detail: 
        * Instance: 
        N/A

        * Loop: 
        +----------+-----+-------+----------+-----------+-----------+-----------+----------+
        |          |   Latency   | Iteration|  Initiation Interval  |    Trip   |          |
        | Loop Name| min |  max  |  Latency |  achieved |   target  |   Count   | Pipelined|
        +----------+-----+-------+----------+-----------+-----------+-----------+----------+
        |- Loop 1  |    8|  16391|         9|          1|          1| 1 ~ 16384 |    yes   |
        +----------+-----+-------+----------+-----------+-----------+-----------+----------+



================================================================
== Utilization Estimates
================================================================
* Summary: 
+-----------------+---------+-------+---------+--------+-----+
|       Name      | BRAM_18K| DSP48E|    FF   |   LUT  | URAM|
+-----------------+---------+-------+---------+--------+-----+
|DSP              |        -|      -|        -|       -|    -|
|Expression       |        -|    148|        0|   12004|    -|
|FIFO             |        -|      -|        -|       -|    -|
|Instance         |        -|      -|        -|       -|    -|
|Memory           |        -|      -|        -|       -|    -|
|Multiplexer      |        -|      -|        -|     126|    -|
|Register         |        0|      -|     8384|     544|    -|
+-----------------+---------+-------+---------+--------+-----+
|Total            |        0|    148|     8384|   12674|    0|
+-----------------+---------+-------+---------+--------+-----+
|Available        |     1968|   1968|  1045440|  522720|  128|
+-----------------+---------+-------+---------+--------+-----+
|Utilization (%)  |        0|      7|    ~0   |       2|    0|
+-----------------+---------+-------+---------+--------+-----+

+ Detail: 
    * Instance: 
    N/A

    * DSP48: 
    N/A

    * Memory: 
    N/A

    * FIFO: 
    N/A

    * Expression: 
    +-----------------------------------+----------+-------+---+-----+------------+------------+
    |           Variable Name           | Operation| DSP48E| FF| LUT | Bitwidth P0| Bitwidth P1|
    +-----------------------------------+----------+-------+---+-----+------------+------------+
    |bound_fu_200_p2                    |     *    |      4|  0|   20|          32|          32|
    |mul10_fu_669_p2                    |     *    |      4|  0|   21|          33|          32|
    |mul11_fu_789_p2                    |     *    |      4|  0|   21|          33|          32|
    |mul12_fu_693_p2                    |     *    |      4|  0|   21|          33|          32|
    |mul13_fu_717_p2                    |     *    |      4|  0|   21|          33|          32|
    |mul14_fu_741_p2                    |     *    |      4|  0|   21|          33|          32|
    |mul15_fu_765_p2                    |     *    |      4|  0|   21|          33|          32|
    |mul1_fu_477_p2                     |     *    |      4|  0|   21|          33|          32|
    |mul2_fu_501_p2                     |     *    |      4|  0|   21|          33|          32|
    |mul3_fu_813_p2                     |     *    |      4|  0|   21|          33|          32|
    |mul4_fu_525_p2                     |     *    |      4|  0|   21|          33|          32|
    |mul5_fu_549_p2                     |     *    |      4|  0|   21|          33|          32|
    |mul6_fu_573_p2                     |     *    |      4|  0|   21|          33|          32|
    |mul7_fu_597_p2                     |     *    |      4|  0|   21|          33|          32|
    |mul8_fu_621_p2                     |     *    |      4|  0|   21|          33|          32|
    |mul9_fu_645_p2                     |     *    |      4|  0|   21|          33|          32|
    |mul_fu_837_p2                      |     *    |      4|  0|   21|          33|          32|
    |ret_V_6_10_i_fu_2189_p2            |     *    |      4|  0|   21|          32|          33|
    |ret_V_6_11_i_fu_2201_p2            |     *    |      4|  0|   21|          32|          33|
    |ret_V_6_12_i_fu_2213_p2            |     *    |      4|  0|   21|          32|          33|
    |ret_V_6_13_i_fu_2225_p2            |     *    |      4|  0|   21|          32|          33|
    |ret_V_6_14_i_fu_2237_p2            |     *    |      4|  0|   21|          32|          33|
    |ret_V_6_1_i_fu_2069_p2             |     *    |      4|  0|   21|          32|          33|
    |ret_V_6_2_i_fu_2081_p2             |     *    |      4|  0|   21|          32|          33|
    |ret_V_6_3_i_fu_2093_p2             |     *    |      4|  0|   21|          32|          33|
    |ret_V_6_4_i_fu_2105_p2             |     *    |      4|  0|   21|          32|          33|
    |ret_V_6_5_i_fu_2117_p2             |     *    |      4|  0|   21|          32|          33|
    |ret_V_6_6_i_fu_2129_p2             |     *    |      4|  0|   21|          32|          33|
    |ret_V_6_7_i_fu_2141_p2             |     *    |      4|  0|   21|          32|          33|
    |ret_V_6_8_i_fu_2153_p2             |     *    |      4|  0|   21|          32|          33|
    |ret_V_6_9_i_fu_2165_p2             |     *    |      4|  0|   21|          32|          33|
    |ret_V_6_i_61_fu_2177_p2            |     *    |      4|  0|   21|          32|          33|
    |ret_V_6_i_fu_2057_p2               |     *    |      4|  0|   21|          32|          33|
    |tmp_53_10_i_fu_1857_p2             |     *    |      1|  0|   50|           9|          26|
    |tmp_53_11_i_fu_1867_p2             |     *    |      1|  0|   50|           9|          26|
    |tmp_53_12_i_fu_1877_p2             |     *    |      1|  0|   50|           9|          26|
    |tmp_53_13_i_fu_1887_p2             |     *    |      1|  0|   50|           9|          26|
    |tmp_53_14_i_fu_1897_p2             |     *    |      1|  0|   50|           9|          26|
    |tmp_53_1_i_fu_1757_p2              |     *    |      1|  0|   50|           9|          26|
    |tmp_53_2_i_fu_1767_p2              |     *    |      1|  0|   50|           9|          26|
    |tmp_53_3_i_fu_1777_p2              |     *    |      1|  0|   50|           9|          26|
    |tmp_53_4_i_fu_1787_p2              |     *    |      1|  0|   50|           9|          26|
    |tmp_53_5_i_fu_1797_p2              |     *    |      1|  0|   50|           9|          26|
    |tmp_53_6_i_fu_1807_p2              |     *    |      1|  0|   50|           9|          26|
    |tmp_53_7_i_fu_1817_p2              |     *    |      1|  0|   50|           9|          26|
    |tmp_53_8_i_fu_1827_p2              |     *    |      1|  0|   50|           9|          26|
    |tmp_53_9_i_fu_1837_p2              |     *    |      1|  0|   50|           9|          26|
    |tmp_53_i_57_fu_1847_p2             |     *    |      1|  0|   50|           9|          26|
    |tmp_53_i_fu_1747_p2                |     *    |      1|  0|   50|           9|          26|
    |indvar_flatten_next_fu_211_p2      |     +    |      0|  0|   71|          64|           1|
    |ret_V_5_10_i_fu_2009_p2            |     +    |      0|  0|   40|          11|          33|
    |ret_V_5_11_i_fu_2018_p2            |     +    |      0|  0|   40|          11|          33|
    |ret_V_5_12_i_fu_2027_p2            |     +    |      0|  0|   40|          11|          33|
    |ret_V_5_13_i_fu_2036_p2            |     +    |      0|  0|   40|          11|          33|
    |ret_V_5_14_i_fu_2045_p2            |     +    |      0|  0|   40|          11|          33|
    |ret_V_5_1_i_fu_1919_p2             |     +    |      0|  0|   40|          11|          33|
    |ret_V_5_2_i_fu_1928_p2             |     +    |      0|  0|   40|          11|          33|
    |ret_V_5_3_i_fu_1937_p2             |     +    |      0|  0|   40|          11|          33|
    |ret_V_5_4_i_fu_1946_p2             |     +    |      0|  0|   40|          11|          33|
    |ret_V_5_5_i_fu_1955_p2             |     +    |      0|  0|   40|          11|          33|
    |ret_V_5_6_i_fu_1964_p2             |     +    |      0|  0|   40|          11|          33|
    |ret_V_5_7_i_fu_1973_p2             |     +    |      0|  0|   40|          11|          33|
    |ret_V_5_8_i_fu_1982_p2             |     +    |      0|  0|   40|          11|          33|
    |ret_V_5_9_i_fu_1991_p2             |     +    |      0|  0|   40|          11|          33|
    |ret_V_5_i_59_fu_2000_p2            |     +    |      0|  0|   40|          11|          33|
    |ret_V_5_i_fu_1910_p2               |     +    |      0|  0|   40|          11|          33|
    |ret_V_7_10_i_fu_2683_p2            |     +    |      0|  0|   71|          21|          64|
    |ret_V_7_11_i_fu_2723_p2            |     +    |      0|  0|   71|          21|          64|
    |ret_V_7_12_i_fu_2763_p2            |     +    |      0|  0|   71|          21|          64|
    |ret_V_7_13_i_fu_2803_p2            |     +    |      0|  0|   71|          21|          64|
    |ret_V_7_14_i_fu_2843_p2            |     +    |      0|  0|   71|          21|          64|
    |ret_V_7_1_i_fu_2283_p2             |     +    |      0|  0|   71|          21|          64|
    |ret_V_7_2_i_fu_2323_p2             |     +    |      0|  0|   71|          21|          64|
    |ret_V_7_3_i_fu_2363_p2             |     +    |      0|  0|   71|          21|          64|
    |ret_V_7_4_i_fu_2403_p2             |     +    |      0|  0|   71|          21|          64|
    |ret_V_7_5_i_fu_2443_p2             |     +    |      0|  0|   71|          21|          64|
    |ret_V_7_6_i_fu_2483_p2             |     +    |      0|  0|   71|          21|          64|
    |ret_V_7_7_i_fu_2523_p2             |     +    |      0|  0|   71|          21|          64|
    |ret_V_7_8_i_fu_2563_p2             |     +    |      0|  0|   71|          21|          64|
    |ret_V_7_9_i_fu_2603_p2             |     +    |      0|  0|   71|          21|          64|
    |ret_V_7_i_62_fu_2643_p2            |     +    |      0|  0|   71|          21|          64|
    |ret_V_7_i_fu_2243_p2               |     +    |      0|  0|   71|          21|          64|
    |tmp_54_10_i_fu_1862_p2             |     +    |      0|  0|   39|          32|          32|
    |tmp_54_11_i_fu_1872_p2             |     +    |      0|  0|   39|          32|          32|
    |tmp_54_12_i_fu_1882_p2             |     +    |      0|  0|   39|          32|          32|
    |tmp_54_13_i_fu_1892_p2             |     +    |      0|  0|   39|          32|          32|
    |tmp_54_14_i_fu_1902_p2             |     +    |      0|  0|   39|          32|          32|
    |tmp_54_1_i_fu_1762_p2              |     +    |      0|  0|   39|          32|          32|
    |tmp_54_2_i_fu_1772_p2              |     +    |      0|  0|   39|          32|          32|
    |tmp_54_3_i_fu_1782_p2              |     +    |      0|  0|   39|          32|          32|
    |tmp_54_4_i_fu_1792_p2              |     +    |      0|  0|   39|          32|          32|
    |tmp_54_5_i_fu_1802_p2              |     +    |      0|  0|   39|          32|          32|
    |tmp_54_6_i_fu_1812_p2              |     +    |      0|  0|   39|          32|          32|
    |tmp_54_7_i_fu_1822_p2              |     +    |      0|  0|   39|          32|          32|
    |tmp_54_8_i_fu_1832_p2              |     +    |      0|  0|   39|          32|          32|
    |tmp_54_9_i_fu_1842_p2              |     +    |      0|  0|   39|          32|          32|
    |tmp_54_i_58_fu_1852_p2             |     +    |      0|  0|   39|          32|          32|
    |tmp_54_i_fu_1752_p2                |     +    |      0|  0|   39|          32|          32|
    |neg_mul10_fu_1299_p2               |     -    |      0|  0|   72|           1|          65|
    |neg_mul11_fu_1355_p2               |     -    |      0|  0|   72|           1|          65|
    |neg_mul12_fu_1579_p2               |     -    |      0|  0|   72|           1|          65|
    |neg_mul13_fu_1411_p2               |     -    |      0|  0|   72|           1|          65|
    |neg_mul14_fu_1467_p2               |     -    |      0|  0|   72|           1|          65|
    |neg_mul15_fu_1523_p2               |     -    |      0|  0|   72|           1|          65|
    |neg_mul1_fu_851_p2                 |     -    |      0|  0|   72|           1|          65|
    |neg_mul2_fu_907_p2                 |     -    |      0|  0|   72|           1|          65|
    |neg_mul3_fu_963_p2                 |     -    |      0|  0|   72|           1|          65|
    |neg_mul4_fu_1635_p2                |     -    |      0|  0|   72|           1|          65|
    |neg_mul5_fu_1019_p2                |     -    |      0|  0|   72|           1|          65|
    |neg_mul6_fu_1075_p2                |     -    |      0|  0|   72|           1|          65|
    |neg_mul7_fu_1131_p2                |     -    |      0|  0|   72|           1|          65|
    |neg_mul8_fu_1187_p2                |     -    |      0|  0|   72|           1|          65|
    |neg_mul9_fu_1243_p2                |     -    |      0|  0|   72|           1|          65|
    |neg_mul_fu_1691_p2                 |     -    |      0|  0|   72|           1|          65|
    |neg_ti10_fu_1338_p2                |     -    |      0|  0|   39|           1|          32|
    |neg_ti11_fu_1394_p2                |     -    |      0|  0|   39|           1|          32|
    |neg_ti12_fu_1450_p2                |     -    |      0|  0|   39|           1|          32|
    |neg_ti13_fu_1506_p2                |     -    |      0|  0|   39|           1|          32|
    |neg_ti14_fu_1562_p2                |     -    |      0|  0|   39|           1|          32|
    |neg_ti15_fu_1618_p2                |     -    |      0|  0|   39|           1|          32|
    |neg_ti1_fu_890_p2                  |     -    |      0|  0|   39|           1|          32|
    |neg_ti2_fu_946_p2                  |     -    |      0|  0|   39|           1|          32|
    |neg_ti3_fu_1002_p2                 |     -    |      0|  0|   39|           1|          32|
    |neg_ti4_fu_1058_p2                 |     -    |      0|  0|   39|           1|          32|
    |neg_ti5_fu_1114_p2                 |     -    |      0|  0|   39|           1|          32|
    |neg_ti6_fu_1170_p2                 |     -    |      0|  0|   39|           1|          32|
    |neg_ti7_fu_1226_p2                 |     -    |      0|  0|   39|           1|          32|
    |neg_ti8_fu_1282_p2                 |     -    |      0|  0|   39|           1|          32|
    |neg_ti9_fu_1674_p2                 |     -    |      0|  0|   39|           1|          32|
    |neg_ti_fu_1730_p2                  |     -    |      0|  0|   39|           1|          32|
    |ret_V_10_i_fu_2648_p2              |     -    |      0|  0|   31|           5|          24|
    |ret_V_11_i_fu_2688_p2              |     -    |      0|  0|   31|           5|          24|
    |ret_V_12_i_fu_2728_p2              |     -    |      0|  0|   31|           5|          24|
    |ret_V_13_i_fu_2768_p2              |     -    |      0|  0|   31|           5|          24|
    |ret_V_14_i_fu_2808_p2              |     -    |      0|  0|   31|           5|          24|
    |ret_V_15_i_fu_2848_p2              |     -    |      0|  0|   31|           5|          24|
    |ret_V_16_i_fu_2488_p2              |     -    |      0|  0|   31|           5|          24|
    |ret_V_17_i_fu_2528_p2              |     -    |      0|  0|   31|           5|          24|
    |ret_V_1_i_fu_2288_p2               |     -    |      0|  0|   31|           5|          24|
    |ret_V_2_i_fu_2328_p2               |     -    |      0|  0|   31|           5|          24|
    |ret_V_3_i_fu_2368_p2               |     -    |      0|  0|   31|           5|          24|
    |ret_V_4_i_fu_2408_p2               |     -    |      0|  0|   31|           5|          24|
    |ret_V_8_i_fu_2568_p2               |     -    |      0|  0|   31|           5|          24|
    |ret_V_9_i_fu_2608_p2               |     -    |      0|  0|   31|           5|          24|
    |ret_V_i_53_fu_2448_p2              |     -    |      0|  0|   31|           5|          24|
    |ret_V_i_fu_2248_p2                 |     -    |      0|  0|   31|           5|          24|
    |ap_block_state11_pp0_stage0_iter8  |    and   |      0|  0|    2|           1|           1|
    |ap_block_state4_pp0_stage0_iter1   |    and   |      0|  0|    2|           1|           1|
    |exitcond_flatten_fu_206_p2         |   icmp   |      0|  0|   29|          64|          64|
    |tmp_48_10_i_fu_397_p2              |   icmp   |      0|  0|   20|          32|          15|
    |tmp_48_11_i_fu_413_p2              |   icmp   |      0|  0|   20|          32|          15|
    |tmp_48_12_i_fu_429_p2              |   icmp   |      0|  0|   20|          32|          15|
    |tmp_48_13_i_fu_445_p2              |   icmp   |      0|  0|   20|          32|          15|
    |tmp_48_14_i_fu_461_p2              |   icmp   |      0|  0|   20|          32|          15|
    |tmp_48_1_i_fu_237_p2               |   icmp   |      0|  0|   20|          32|          15|
    |tmp_48_2_i_fu_253_p2               |   icmp   |      0|  0|   20|          32|          15|
    |tmp_48_3_i_fu_269_p2               |   icmp   |      0|  0|   20|          32|          15|
    |tmp_48_4_i_fu_285_p2               |   icmp   |      0|  0|   20|          32|          15|
    |tmp_48_5_i_fu_301_p2               |   icmp   |      0|  0|   20|          32|          15|
    |tmp_48_6_i_fu_317_p2               |   icmp   |      0|  0|   20|          32|          15|
    |tmp_48_7_i_fu_333_p2               |   icmp   |      0|  0|   20|          32|          15|
    |tmp_48_8_i_fu_349_p2               |   icmp   |      0|  0|   20|          32|          15|
    |tmp_48_9_i_fu_365_p2               |   icmp   |      0|  0|   20|          32|          15|
    |tmp_48_i_54_fu_381_p2              |   icmp   |      0|  0|   20|          32|          15|
    |tmp_48_i_fu_221_p2                 |   icmp   |      0|  0|   20|          32|          15|
    |ap_block_pp0_stage0_01001          |    or    |      0|  0|    2|           1|           1|
    |ap_block_state1                    |    or    |      0|  0|    2|           1|           1|
    |storemerge43_10_i_fu_2715_p3       |  select  |      0|  0|   63|           1|           1|
    |storemerge43_11_i_fu_2755_p3       |  select  |      0|  0|   63|           1|           1|
    |storemerge43_12_i_fu_2795_p3       |  select  |      0|  0|   63|           1|           1|
    |storemerge43_13_i_fu_2835_p3       |  select  |      0|  0|   63|           1|           1|
    |storemerge43_14_i_fu_2875_p3       |  select  |      0|  0|   63|           1|           1|
    |storemerge43_1_i_fu_2315_p3        |  select  |      0|  0|   63|           1|           1|
    |storemerge43_2_i_fu_2355_p3        |  select  |      0|  0|   63|           1|           1|
    |storemerge43_3_i_fu_2395_p3        |  select  |      0|  0|   63|           1|           1|
    |storemerge43_4_i_fu_2435_p3        |  select  |      0|  0|   63|           1|           1|
    |storemerge43_5_i_fu_2475_p3        |  select  |      0|  0|   63|           1|           1|
    |storemerge43_6_i_fu_2515_p3        |  select  |      0|  0|   63|           1|           1|
    |storemerge43_7_i_fu_2555_p3        |  select  |      0|  0|   63|           1|           1|
    |storemerge43_8_i_fu_2595_p3        |  select  |      0|  0|   63|           1|           1|
    |storemerge43_9_i_fu_2635_p3        |  select  |      0|  0|   63|           1|           1|
    |storemerge43_i_65_fu_2675_p3       |  select  |      0|  0|   63|           1|           1|
    |storemerge43_i_fu_2275_p3          |  select  |      0|  0|   63|           1|           1|
    |storemerge_10_i_fu_731_p3          |  select  |      0|  0|   32|           1|          15|
    |storemerge_11_i_fu_755_p3          |  select  |      0|  0|   32|           1|          15|
    |storemerge_12_i_fu_779_p3          |  select  |      0|  0|   32|           1|          15|
    |storemerge_13_i_fu_803_p3          |  select  |      0|  0|   32|           1|          15|
    |storemerge_14_i_fu_827_p3          |  select  |      0|  0|   32|           1|          15|
    |storemerge_1_i_fu_491_p3           |  select  |      0|  0|   32|           1|          15|
    |storemerge_2_i_fu_515_p3           |  select  |      0|  0|   32|           1|          15|
    |storemerge_3_i_fu_539_p3           |  select  |      0|  0|   32|           1|          15|
    |storemerge_4_i_fu_563_p3           |  select  |      0|  0|   32|           1|          15|
    |storemerge_5_i_fu_587_p3           |  select  |      0|  0|   32|           1|          15|
    |storemerge_6_i_fu_611_p3           |  select  |      0|  0|   32|           1|          15|
    |storemerge_7_i_fu_635_p3           |  select  |      0|  0|   32|           1|          15|
    |storemerge_8_i_fu_659_p3           |  select  |      0|  0|   32|           1|          15|
    |storemerge_9_i_fu_683_p3           |  select  |      0|  0|   32|           1|          15|
    |storemerge_i_55_fu_707_p3          |  select  |      0|  0|   32|           1|          15|
    |storemerge_i_fu_467_p3             |  select  |      0|  0|   32|           1|          15|
    |tmp_12_fu_995_p3                   |  select  |      0|  0|   32|           1|          32|
    |tmp_17_fu_1107_p3                  |  select  |      0|  0|   32|           1|          32|
    |tmp_20_fu_1163_p3                  |  select  |      0|  0|   32|           1|          32|
    |tmp_23_fu_1219_p3                  |  select  |      0|  0|   32|           1|          32|
    |tmp_26_fu_1275_p3                  |  select  |      0|  0|   32|           1|          32|
    |tmp_29_fu_1331_p3                  |  select  |      0|  0|   32|           1|          32|
    |tmp_32_fu_1387_p3                  |  select  |      0|  0|   32|           1|          32|
    |tmp_35_fu_1443_p3                  |  select  |      0|  0|   32|           1|          32|
    |tmp_38_fu_1499_p3                  |  select  |      0|  0|   32|           1|          32|
    |tmp_41_fu_1555_p3                  |  select  |      0|  0|   32|           1|          32|
    |tmp_44_fu_1611_p3                  |  select  |      0|  0|   32|           1|          32|
    |tmp_47_fu_1667_p3                  |  select  |      0|  0|   32|           1|          32|
    |tmp_50_fu_1723_p3                  |  select  |      0|  0|   32|           1|          32|
    |tmp_52_10_i_fu_1512_p3             |  select  |      0|  0|   32|           1|          32|
    |tmp_52_11_i_fu_1568_p3             |  select  |      0|  0|   32|           1|          32|
    |tmp_52_12_i_fu_1624_p3             |  select  |      0|  0|   32|           1|          32|
    |tmp_52_13_i_fu_1680_p3             |  select  |      0|  0|   32|           1|          32|
    |tmp_52_14_i_fu_1736_p3             |  select  |      0|  0|   32|           1|          32|
    |tmp_52_1_i_fu_952_p3               |  select  |      0|  0|   32|           1|          32|
    |tmp_52_2_i_fu_1008_p3              |  select  |      0|  0|   32|           1|          32|
    |tmp_52_3_i_fu_1064_p3              |  select  |      0|  0|   32|           1|          32|
    |tmp_52_4_i_fu_1120_p3              |  select  |      0|  0|   32|           1|          32|
    |tmp_52_5_i_fu_1176_p3              |  select  |      0|  0|   32|           1|          32|
    |tmp_52_6_i_fu_1232_p3              |  select  |      0|  0|   32|           1|          32|
    |tmp_52_7_i_fu_1288_p3              |  select  |      0|  0|   32|           1|          32|
    |tmp_52_8_i_fu_1344_p3              |  select  |      0|  0|   32|           1|          32|
    |tmp_52_9_i_fu_1400_p3              |  select  |      0|  0|   32|           1|          32|
    |tmp_52_i_56_fu_1456_p3             |  select  |      0|  0|   32|           1|          32|
    |tmp_52_i_fu_896_p3                 |  select  |      0|  0|   32|           1|          32|
    |tmp_6_fu_883_p3                    |  select  |      0|  0|   32|           1|          32|
    |tmp_9_fu_939_p3                    |  select  |      0|  0|   32|           1|          32|
    |tmp_s_fu_1051_p3                   |  select  |      0|  0|   32|           1|          32|
    |r_V_1_10_i_fu_2697_p2              |    shl   |      0|  0|  179|          64|          64|
    |r_V_1_11_i_fu_2737_p2              |    shl   |      0|  0|  179|          64|          64|
    |r_V_1_12_i_fu_2777_p2              |    shl   |      0|  0|  179|          64|          64|
    |r_V_1_13_i_fu_2817_p2              |    shl   |      0|  0|  179|          64|          64|
    |r_V_1_14_i_fu_2857_p2              |    shl   |      0|  0|  179|          64|          64|
    |r_V_1_1_i_fu_2297_p2               |    shl   |      0|  0|  179|          64|          64|
    |r_V_1_2_i_fu_2337_p2               |    shl   |      0|  0|  179|          64|          64|
    |r_V_1_3_i_fu_2377_p2               |    shl   |      0|  0|  179|          64|          64|
    |r_V_1_4_i_fu_2417_p2               |    shl   |      0|  0|  179|          64|          64|
    |r_V_1_5_i_fu_2457_p2               |    shl   |      0|  0|  179|          64|          64|
    |r_V_1_6_i_fu_2497_p2               |    shl   |      0|  0|  179|          64|          64|
    |r_V_1_7_i_fu_2537_p2               |    shl   |      0|  0|  179|          64|          64|
    |r_V_1_8_i_fu_2577_p2               |    shl   |      0|  0|  179|          64|          64|
    |r_V_1_9_i_fu_2617_p2               |    shl   |      0|  0|  179|          64|          64|
    |r_V_1_i_64_fu_2657_p2              |    shl   |      0|  0|  179|          64|          64|
    |r_V_1_i_fu_2257_p2                 |    shl   |      0|  0|  179|          64|          64|
    |ap_enable_pp0                      |    xor   |      0|  0|    2|           1|           2|
    |ap_enable_reg_pp0_iter1            |    xor   |      0|  0|    2|           2|           1|
    +-----------------------------------+----------+-------+---+-----+------------+------------+
    |Total                              |          |    148|  0|12004|        4087|        8104|
    +-----------------------------------+----------+-------+---+-----+------------+------------+

    * Multiplexer: 
    +----------------------------+----+-----------+-----+-----------+
    |            Name            | LUT| Input Size| Bits| Total Bits|
    +----------------------------+----+-----------+-----+-----------+
    |ap_NS_fsm                   |  27|          5|    1|          5|
    |ap_done                     |   9|          2|    1|          2|
    |ap_enable_reg_pp0_iter1     |   9|          2|    1|          2|
    |ap_enable_reg_pp0_iter8     |   9|          2|    1|          2|
    |in_proc_1_V_V_blk_n         |   9|          2|    1|          2|
    |in_proc_1_iter_c_V_V_blk_n  |   9|          2|    1|          2|
    |in_proc_1_iter_r_V_V_blk_n  |   9|          2|    1|          2|
    |in_quant_V_V_blk_n          |   9|          2|    1|          2|
    |in_quant_iter_c_V_V_blk_n   |   9|          2|    1|          2|
    |in_quant_iter_r_V_V_blk_n   |   9|          2|    1|          2|
    |indvar_flatten_reg_183      |   9|          2|   64|        128|
    |real_start                  |   9|          2|    1|          2|
    +----------------------------+----+-----------+-----+-----------+
    |Total                       | 126|         27|   75|        153|
    +----------------------------+----+-----------+-----+-----------+

    * Register: 
    +----------------------------------------+----+----+-----+-----------+
    |                  Name                  | FF | LUT| Bits| Const Bits|
    +----------------------------------------+----+----+-----+-----------+
    |ap_CS_fsm                               |   4|   0|    4|          0|
    |ap_done_reg                             |   1|   0|    1|          0|
    |ap_enable_reg_pp0_iter0                 |   1|   0|    1|          0|
    |ap_enable_reg_pp0_iter1                 |   1|   0|    1|          0|
    |ap_enable_reg_pp0_iter2                 |   1|   0|    1|          0|
    |ap_enable_reg_pp0_iter3                 |   1|   0|    1|          0|
    |ap_enable_reg_pp0_iter4                 |   1|   0|    1|          0|
    |ap_enable_reg_pp0_iter5                 |   1|   0|    1|          0|
    |ap_enable_reg_pp0_iter6                 |   1|   0|    1|          0|
    |ap_enable_reg_pp0_iter7                 |   1|   0|    1|          0|
    |ap_enable_reg_pp0_iter8                 |   1|   0|    1|          0|
    |bound_reg_2978                          |  64|   0|   64|          0|
    |exitcond_flatten_reg_2983               |   1|   0|    1|          0|
    |indvar_flatten_reg_183                  |  64|   0|   64|          0|
    |mul10_reg_3293                          |  65|   0|   65|          0|
    |mul11_reg_3378                          |  65|   0|   65|          0|
    |mul12_reg_3310                          |  65|   0|   65|          0|
    |mul13_reg_3327                          |  65|   0|   65|          0|
    |mul14_reg_3344                          |  65|   0|   65|          0|
    |mul15_reg_3361                          |  65|   0|   65|          0|
    |mul1_reg_3157                           |  65|   0|   65|          0|
    |mul2_reg_3174                           |  65|   0|   65|          0|
    |mul3_reg_3395                           |  65|   0|   65|          0|
    |mul4_reg_3191                           |  65|   0|   65|          0|
    |mul5_reg_3208                           |  65|   0|   65|          0|
    |mul6_reg_3225                           |  65|   0|   65|          0|
    |mul7_reg_3242                           |  65|   0|   65|          0|
    |mul8_reg_3259                           |  65|   0|   65|          0|
    |mul9_reg_3276                           |  65|   0|   65|          0|
    |mul_reg_3412                            |  65|   0|   65|          0|
    |p_Result_10_i_reg_3092                  |  32|   0|   32|          0|
    |p_Result_11_i_reg_3102                  |  32|   0|   32|          0|
    |p_Result_12_i_reg_3112                  |  32|   0|   32|          0|
    |p_Result_13_i_reg_3122                  |  32|   0|   32|          0|
    |p_Result_14_i_reg_3132                  |  32|   0|   32|          0|
    |p_Result_15_i_reg_3142                  |  32|   0|   32|          0|
    |p_Result_1_i_reg_3002                   |  32|   0|   32|          0|
    |p_Result_2_i_reg_3012                   |  32|   0|   32|          0|
    |p_Result_3_i_reg_3022                   |  32|   0|   32|          0|
    |p_Result_4_i_reg_3032                   |  32|   0|   32|          0|
    |p_Result_5_i_reg_3042                   |  32|   0|   32|          0|
    |p_Result_6_i_reg_3052                   |  32|   0|   32|          0|
    |p_Result_7_i_reg_3062                   |  32|   0|   32|          0|
    |p_Result_8_i_reg_3072                   |  32|   0|   32|          0|
    |p_Result_9_i_reg_3082                   |  32|   0|   32|          0|
    |ret_V_5_10_i_reg_3735                   |  33|   0|   33|          0|
    |ret_V_5_11_i_reg_3740                   |  33|   0|   33|          0|
    |ret_V_5_12_i_reg_3745                   |  33|   0|   33|          0|
    |ret_V_5_13_i_reg_3750                   |  33|   0|   33|          0|
    |ret_V_5_14_i_reg_3755                   |  33|   0|   33|          0|
    |ret_V_5_1_i_reg_3685                    |  33|   0|   33|          0|
    |ret_V_5_2_i_reg_3690                    |  33|   0|   33|          0|
    |ret_V_5_3_i_reg_3695                    |  33|   0|   33|          0|
    |ret_V_5_4_i_reg_3700                    |  33|   0|   33|          0|
    |ret_V_5_5_i_reg_3705                    |  33|   0|   33|          0|
    |ret_V_5_6_i_reg_3710                    |  33|   0|   33|          0|
    |ret_V_5_7_i_reg_3715                    |  33|   0|   33|          0|
    |ret_V_5_8_i_reg_3720                    |  33|   0|   33|          0|
    |ret_V_5_9_i_reg_3725                    |  33|   0|   33|          0|
    |ret_V_5_i_59_reg_3730                   |  33|   0|   33|          0|
    |ret_V_5_i_reg_3680                      |  33|   0|   33|          0|
    |ret_V_6_10_i_reg_3815                   |  64|   0|   64|          0|
    |ret_V_6_11_i_reg_3820                   |  64|   0|   64|          0|
    |ret_V_6_12_i_reg_3825                   |  64|   0|   64|          0|
    |ret_V_6_13_i_reg_3830                   |  64|   0|   64|          0|
    |ret_V_6_14_i_reg_3835                   |  64|   0|   64|          0|
    |ret_V_6_1_i_reg_3765                    |  64|   0|   64|          0|
    |ret_V_6_2_i_reg_3770                    |  64|   0|   64|          0|
    |ret_V_6_3_i_reg_3775                    |  64|   0|   64|          0|
    |ret_V_6_4_i_reg_3780                    |  64|   0|   64|          0|
    |ret_V_6_5_i_reg_3785                    |  64|   0|   64|          0|
    |ret_V_6_6_i_reg_3790                    |  64|   0|   64|          0|
    |ret_V_6_7_i_reg_3795                    |  64|   0|   64|          0|
    |ret_V_6_8_i_reg_3800                    |  64|   0|   64|          0|
    |ret_V_6_9_i_reg_3805                    |  64|   0|   64|          0|
    |ret_V_6_i_61_reg_3810                   |  64|   0|   64|          0|
    |ret_V_6_i_reg_3760                      |  64|   0|   64|          0|
    |start_once_reg                          |   1|   0|    1|          0|
    |storemerge43_10_i_reg_3895              |  63|   0|   63|          0|
    |storemerge43_11_i_reg_3900              |  63|   0|   63|          0|
    |storemerge43_12_i_reg_3905              |  63|   0|   63|          0|
    |storemerge43_13_i_reg_3910              |  63|   0|   63|          0|
    |storemerge43_14_i_reg_3915              |  63|   0|   63|          0|
    |storemerge43_1_i_reg_3845               |  63|   0|   63|          0|
    |storemerge43_2_i_reg_3850               |  63|   0|   63|          0|
    |storemerge43_3_i_reg_3855               |  63|   0|   63|          0|
    |storemerge43_4_i_reg_3860               |  63|   0|   63|          0|
    |storemerge43_5_i_reg_3865               |  63|   0|   63|          0|
    |storemerge43_6_i_reg_3870               |  63|   0|   63|          0|
    |storemerge43_7_i_reg_3875               |  63|   0|   63|          0|
    |storemerge43_8_i_reg_3880               |  63|   0|   63|          0|
    |storemerge43_9_i_reg_3885               |  63|   0|   63|          0|
    |storemerge43_i_65_reg_3890              |  63|   0|   63|          0|
    |storemerge43_i_reg_3840                 |  63|   0|   63|          0|
    |storemerge_10_i_reg_3339                |  32|   0|   32|          0|
    |storemerge_10_i_reg_3339_pp0_iter3_reg  |  32|   0|   32|          0|
    |storemerge_11_i_reg_3356                |  32|   0|   32|          0|
    |storemerge_11_i_reg_3356_pp0_iter3_reg  |  32|   0|   32|          0|
    |storemerge_12_i_reg_3373                |  32|   0|   32|          0|
    |storemerge_12_i_reg_3373_pp0_iter3_reg  |  32|   0|   32|          0|
    |storemerge_13_i_reg_3390                |  32|   0|   32|          0|
    |storemerge_13_i_reg_3390_pp0_iter3_reg  |  32|   0|   32|          0|
    |storemerge_14_i_reg_3407                |  32|   0|   32|          0|
    |storemerge_14_i_reg_3407_pp0_iter3_reg  |  32|   0|   32|          0|
    |storemerge_1_i_reg_3169                 |  32|   0|   32|          0|
    |storemerge_1_i_reg_3169_pp0_iter3_reg   |  32|   0|   32|          0|
    |storemerge_2_i_reg_3186                 |  32|   0|   32|          0|
    |storemerge_2_i_reg_3186_pp0_iter3_reg   |  32|   0|   32|          0|
    |storemerge_3_i_reg_3203                 |  32|   0|   32|          0|
    |storemerge_3_i_reg_3203_pp0_iter3_reg   |  32|   0|   32|          0|
    |storemerge_4_i_reg_3220                 |  32|   0|   32|          0|
    |storemerge_4_i_reg_3220_pp0_iter3_reg   |  32|   0|   32|          0|
    |storemerge_5_i_reg_3237                 |  32|   0|   32|          0|
    |storemerge_5_i_reg_3237_pp0_iter3_reg   |  32|   0|   32|          0|
    |storemerge_6_i_reg_3254                 |  32|   0|   32|          0|
    |storemerge_6_i_reg_3254_pp0_iter3_reg   |  32|   0|   32|          0|
    |storemerge_7_i_reg_3271                 |  32|   0|   32|          0|
    |storemerge_7_i_reg_3271_pp0_iter3_reg   |  32|   0|   32|          0|
    |storemerge_8_i_reg_3288                 |  32|   0|   32|          0|
    |storemerge_8_i_reg_3288_pp0_iter3_reg   |  32|   0|   32|          0|
    |storemerge_9_i_reg_3305                 |  32|   0|   32|          0|
    |storemerge_9_i_reg_3305_pp0_iter3_reg   |  32|   0|   32|          0|
    |storemerge_i_55_reg_3322                |  32|   0|   32|          0|
    |storemerge_i_55_reg_3322_pp0_iter3_reg  |  32|   0|   32|          0|
    |storemerge_i_reg_3152                   |  32|   0|   32|          0|
    |storemerge_i_reg_3152_pp0_iter3_reg     |  32|   0|   32|          0|
    |tmp_101_reg_3299                        |   1|   0|    1|          0|
    |tmp_104_reg_3509                        |  24|   0|   24|          0|
    |tmp_107_reg_3316                        |   1|   0|    1|          0|
    |tmp_110_reg_3519                        |  24|   0|   24|          0|
    |tmp_113_reg_3333                        |   1|   0|    1|          0|
    |tmp_116_reg_3529                        |  24|   0|   24|          0|
    |tmp_119_reg_3350                        |   1|   0|    1|          0|
    |tmp_122_reg_3539                        |  24|   0|   24|          0|
    |tmp_125_reg_3367                        |   1|   0|    1|          0|
    |tmp_128_reg_3549                        |  24|   0|   24|          0|
    |tmp_131_reg_3384                        |   1|   0|    1|          0|
    |tmp_134_reg_3559                        |  24|   0|   24|          0|
    |tmp_137_reg_3401                        |   1|   0|    1|          0|
    |tmp_140_reg_3569                        |  24|   0|   24|          0|
    |tmp_143_reg_3418                        |   1|   0|    1|          0|
    |tmp_146_reg_3579                        |  24|   0|   24|          0|
    |tmp_48_10_i_reg_3107                    |   1|   0|    1|          0|
    |tmp_48_11_i_reg_3117                    |   1|   0|    1|          0|
    |tmp_48_12_i_reg_3127                    |   1|   0|    1|          0|
    |tmp_48_13_i_reg_3137                    |   1|   0|    1|          0|
    |tmp_48_14_i_reg_3147                    |   1|   0|    1|          0|
    |tmp_48_1_i_reg_3007                     |   1|   0|    1|          0|
    |tmp_48_2_i_reg_3017                     |   1|   0|    1|          0|
    |tmp_48_3_i_reg_3027                     |   1|   0|    1|          0|
    |tmp_48_4_i_reg_3037                     |   1|   0|    1|          0|
    |tmp_48_5_i_reg_3047                     |   1|   0|    1|          0|
    |tmp_48_6_i_reg_3057                     |   1|   0|    1|          0|
    |tmp_48_7_i_reg_3067                     |   1|   0|    1|          0|
    |tmp_48_8_i_reg_3077                     |   1|   0|    1|          0|
    |tmp_48_9_i_reg_3087                     |   1|   0|    1|          0|
    |tmp_48_i_54_reg_3097                    |   1|   0|    1|          0|
    |tmp_48_i_reg_2997                       |   1|   0|    1|          0|
    |tmp_52_10_i_reg_3534                    |  32|   0|   32|          0|
    |tmp_52_11_i_reg_3544                    |  32|   0|   32|          0|
    |tmp_52_12_i_reg_3554                    |  32|   0|   32|          0|
    |tmp_52_13_i_reg_3564                    |  32|   0|   32|          0|
    |tmp_52_14_i_reg_3574                    |  32|   0|   32|          0|
    |tmp_52_1_i_reg_3434                     |  32|   0|   32|          0|
    |tmp_52_2_i_reg_3444                     |  32|   0|   32|          0|
    |tmp_52_3_i_reg_3454                     |  32|   0|   32|          0|
    |tmp_52_4_i_reg_3464                     |  32|   0|   32|          0|
    |tmp_52_5_i_reg_3474                     |  32|   0|   32|          0|
    |tmp_52_6_i_reg_3484                     |  32|   0|   32|          0|
    |tmp_52_7_i_reg_3494                     |  32|   0|   32|          0|
    |tmp_52_8_i_reg_3504                     |  32|   0|   32|          0|
    |tmp_52_9_i_reg_3514                     |  32|   0|   32|          0|
    |tmp_52_i_56_reg_3524                    |  32|   0|   32|          0|
    |tmp_52_i_reg_3424                       |  32|   0|   32|          0|
    |tmp_52_reg_2992                         |  32|   0|   32|          0|
    |tmp_53_reg_3163                         |   1|   0|    1|          0|
    |tmp_54_10_i_reg_3650                    |  32|   0|   32|          0|
    |tmp_54_10_i_reg_3650_pp0_iter5_reg      |  32|   0|   32|          0|
    |tmp_54_11_i_reg_3656                    |  32|   0|   32|          0|
    |tmp_54_11_i_reg_3656_pp0_iter5_reg      |  32|   0|   32|          0|
    |tmp_54_12_i_reg_3662                    |  32|   0|   32|          0|
    |tmp_54_12_i_reg_3662_pp0_iter5_reg      |  32|   0|   32|          0|
    |tmp_54_13_i_reg_3668                    |  32|   0|   32|          0|
    |tmp_54_13_i_reg_3668_pp0_iter5_reg      |  32|   0|   32|          0|
    |tmp_54_14_i_reg_3674                    |  32|   0|   32|          0|
    |tmp_54_14_i_reg_3674_pp0_iter5_reg      |  32|   0|   32|          0|
    |tmp_54_1_i_reg_3590                     |  32|   0|   32|          0|
    |tmp_54_1_i_reg_3590_pp0_iter5_reg       |  32|   0|   32|          0|
    |tmp_54_2_i_reg_3596                     |  32|   0|   32|          0|
    |tmp_54_2_i_reg_3596_pp0_iter5_reg       |  32|   0|   32|          0|
    |tmp_54_3_i_reg_3602                     |  32|   0|   32|          0|
    |tmp_54_3_i_reg_3602_pp0_iter5_reg       |  32|   0|   32|          0|
    |tmp_54_4_i_reg_3608                     |  32|   0|   32|          0|
    |tmp_54_4_i_reg_3608_pp0_iter5_reg       |  32|   0|   32|          0|
    |tmp_54_5_i_reg_3614                     |  32|   0|   32|          0|
    |tmp_54_5_i_reg_3614_pp0_iter5_reg       |  32|   0|   32|          0|
    |tmp_54_6_i_reg_3620                     |  32|   0|   32|          0|
    |tmp_54_6_i_reg_3620_pp0_iter5_reg       |  32|   0|   32|          0|
    |tmp_54_7_i_reg_3626                     |  32|   0|   32|          0|
    |tmp_54_7_i_reg_3626_pp0_iter5_reg       |  32|   0|   32|          0|
    |tmp_54_8_i_reg_3632                     |  32|   0|   32|          0|
    |tmp_54_8_i_reg_3632_pp0_iter5_reg       |  32|   0|   32|          0|
    |tmp_54_9_i_reg_3638                     |  32|   0|   32|          0|
    |tmp_54_9_i_reg_3638_pp0_iter5_reg       |  32|   0|   32|          0|
    |tmp_54_i_58_reg_3644                    |  32|   0|   32|          0|
    |tmp_54_i_58_reg_3644_pp0_iter5_reg      |  32|   0|   32|          0|
    |tmp_54_i_reg_3584                       |  32|   0|   32|          0|
    |tmp_54_i_reg_3584_pp0_iter5_reg         |  32|   0|   32|          0|
    |tmp_56_reg_3429                         |  24|   0|   24|          0|
    |tmp_59_reg_3180                         |   1|   0|    1|          0|
    |tmp_62_reg_3439                         |  24|   0|   24|          0|
    |tmp_65_reg_3197                         |   1|   0|    1|          0|
    |tmp_68_reg_3449                         |  24|   0|   24|          0|
    |tmp_71_reg_3214                         |   1|   0|    1|          0|
    |tmp_74_reg_3459                         |  24|   0|   24|          0|
    |tmp_77_reg_3231                         |   1|   0|    1|          0|
    |tmp_80_reg_3469                         |  24|   0|   24|          0|
    |tmp_83_reg_3248                         |   1|   0|    1|          0|
    |tmp_86_reg_3479                         |  24|   0|   24|          0|
    |tmp_89_reg_3265                         |   1|   0|    1|          0|
    |tmp_92_reg_3489                         |  24|   0|   24|          0|
    |tmp_95_reg_3282                         |   1|   0|    1|          0|
    |tmp_98_reg_3499                         |  24|   0|   24|          0|
    |tmp_V_15_reg_2968                       |  32|   0|   32|          0|
    |tmp_V_reg_2973                          |  32|   0|   32|          0|
    |exitcond_flatten_reg_2983               |  64|  32|    1|          0|
    |tmp_104_reg_3509                        |  64|  32|   24|          0|
    |tmp_110_reg_3519                        |  64|  32|   24|          0|
    |tmp_116_reg_3529                        |  64|  32|   24|          0|
    |tmp_122_reg_3539                        |  64|  32|   24|          0|
    |tmp_128_reg_3549                        |  64|  32|   24|          0|
    |tmp_134_reg_3559                        |  64|  32|   24|          0|
    |tmp_140_reg_3569                        |  64|  32|   24|          0|
    |tmp_146_reg_3579                        |  64|  32|   24|          0|
    |tmp_56_reg_3429                         |  64|  32|   24|          0|
    |tmp_62_reg_3439                         |  64|  32|   24|          0|
    |tmp_68_reg_3449                         |  64|  32|   24|          0|
    |tmp_74_reg_3459                         |  64|  32|   24|          0|
    |tmp_80_reg_3469                         |  64|  32|   24|          0|
    |tmp_86_reg_3479                         |  64|  32|   24|          0|
    |tmp_92_reg_3489                         |  64|  32|   24|          0|
    |tmp_98_reg_3499                         |  64|  32|   24|          0|
    +----------------------------------------+----+----+-----+-----------+
    |Total                                   |8384| 544| 7681|          0|
    +----------------------------------------+----+----+-----+-----------+



================================================================
== Interface
================================================================
* Summary: 
+------------------------------+-----+------+------------+----------------------+--------------+
|           RTL Ports          | Dir | Bits |  Protocol  |     Source Object    |    C Type    |
+------------------------------+-----+------+------------+----------------------+--------------+
|ap_clk                        |  in |     1| ap_ctrl_hs |       process_1      | return value |
|ap_rst                        |  in |     1| ap_ctrl_hs |       process_1      | return value |
|ap_start                      |  in |     1| ap_ctrl_hs |       process_1      | return value |
|start_full_n                  |  in |     1| ap_ctrl_hs |       process_1      | return value |
|ap_done                       | out |     1| ap_ctrl_hs |       process_1      | return value |
|ap_continue                   |  in |     1| ap_ctrl_hs |       process_1      | return value |
|ap_idle                       | out |     1| ap_ctrl_hs |       process_1      | return value |
|ap_ready                      | out |     1| ap_ctrl_hs |       process_1      | return value |
|start_out                     | out |     1| ap_ctrl_hs |       process_1      | return value |
|start_write                   | out |     1| ap_ctrl_hs |       process_1      | return value |
|in_proc_1_iter_c_V_V_dout     |  in |    32|   ap_fifo  | in_proc_1_iter_c_V_V |    pointer   |
|in_proc_1_iter_c_V_V_empty_n  |  in |     1|   ap_fifo  | in_proc_1_iter_c_V_V |    pointer   |
|in_proc_1_iter_c_V_V_read     | out |     1|   ap_fifo  | in_proc_1_iter_c_V_V |    pointer   |
|in_proc_1_iter_r_V_V_dout     |  in |    32|   ap_fifo  | in_proc_1_iter_r_V_V |    pointer   |
|in_proc_1_iter_r_V_V_empty_n  |  in |     1|   ap_fifo  | in_proc_1_iter_r_V_V |    pointer   |
|in_proc_1_iter_r_V_V_read     | out |     1|   ap_fifo  | in_proc_1_iter_r_V_V |    pointer   |
|in_quant_iter_r_V_V_din       | out |    32|   ap_fifo  |  in_quant_iter_r_V_V |    pointer   |
|in_quant_iter_r_V_V_full_n    |  in |     1|   ap_fifo  |  in_quant_iter_r_V_V |    pointer   |
|in_quant_iter_r_V_V_write     | out |     1|   ap_fifo  |  in_quant_iter_r_V_V |    pointer   |
|in_quant_iter_c_V_V_din       | out |    32|   ap_fifo  |  in_quant_iter_c_V_V |    pointer   |
|in_quant_iter_c_V_V_full_n    |  in |     1|   ap_fifo  |  in_quant_iter_c_V_V |    pointer   |
|in_quant_iter_c_V_V_write     | out |     1|   ap_fifo  |  in_quant_iter_c_V_V |    pointer   |
|in_proc_1_V_V_dout            |  in |   512|   ap_fifo  |     in_proc_1_V_V    |    pointer   |
|in_proc_1_V_V_empty_n         |  in |     1|   ap_fifo  |     in_proc_1_V_V    |    pointer   |
|in_proc_1_V_V_read            | out |     1|   ap_fifo  |     in_proc_1_V_V    |    pointer   |
|in_quant_V_V_din              | out |  1024|   ap_fifo  |     in_quant_V_V     |    pointer   |
|in_quant_V_V_full_n           |  in |     1|   ap_fifo  |     in_quant_V_V     |    pointer   |
|in_quant_V_V_write            | out |     1|   ap_fifo  |     in_quant_V_V     |    pointer   |
+------------------------------+-----+------+------------+----------------------+--------------+

